---
source: tests/width_snapshots.rs
expression: "rendered(&entries, &options(width, true))"
---
┌───┬───────┬────┬───────────────────┬───────────────────────────┬─────────────────────┬───────────┐
│   ┆  CRAP ┆ CC ┆ Coverage          ┆ Function                  ┆ Location            ┆ Uncovered │
╞═══╪═══════╪════╪═══════════════════╪═══════════════════════════╪═════════════════════╪═══════════╡
│ ✗ ┆ 156.0 ┆ 12 ┆ █░░░░░░░░░  12.5% ┆ write_pr_comment_hot_spo… ┆ …/pr_comment.rs:388 ┆ 391–396,… │
├╌╌╌┼╌╌╌╌╌╌╌┼╌╌╌╌┼╌╌╌╌╌╌╌╌╌╌╌╌╌╌╌╌╌╌╌┼╌╌╌╌╌╌╌╌╌╌╌╌╌╌╌╌╌╌╌╌╌╌╌╌╌╌╌┼╌╌╌╌╌╌╌╌╌╌╌╌╌╌╌╌╌╌╌╌╌┼╌╌╌╌╌╌╌╌╌╌╌┤
│ ✗ ┆  42.0 ┆  6 ┆ ░░░░░░░░░░    —   ┆ parse_lcov                ┆ src/coverage.rs:149 ┆ 150–180   │
├╌╌╌┼╌╌╌╌╌╌╌┼╌╌╌╌┼╌╌╌╌╌╌╌╌╌╌╌╌╌╌╌╌╌╌╌┼╌╌╌╌╌╌╌╌╌╌╌╌╌╌╌╌╌╌╌╌╌╌╌╌╌╌╌┼╌╌╌╌╌╌╌╌╌╌╌╌╌╌╌╌╌╌╌╌╌┼╌╌╌╌╌╌╌╌╌╌╌┤
│ ▲ ┆  28.0 ┆  5 ┆ ██████████ 100.0% ┆ helper_function_number_00 ┆ …/module_00.rs:10   ┆           │
├╌╌╌┼╌╌╌╌╌╌╌┼╌╌╌╌┼╌╌╌╌╌╌╌╌╌╌╌╌╌╌╌╌╌╌╌┼╌╌╌╌╌╌╌╌╌╌╌╌╌╌╌╌╌╌╌╌╌╌╌╌╌╌╌┼╌╌╌╌╌╌╌╌╌╌╌╌╌╌╌╌╌╌╌╌╌┼╌╌╌╌╌╌╌╌╌╌╌┤
│ ▲ ┆  26.0 ┆  5 ┆ █████████░  92.5% ┆ helper_function_number_01 ┆ …/module_01.rs:11   ┆           │
├╌╌╌┼╌╌╌╌╌╌╌┼╌╌╌╌┼╌╌╌╌╌╌╌╌╌╌╌╌╌╌╌╌╌╌╌┼╌╌╌╌╌╌╌╌╌╌╌╌╌╌╌╌╌╌╌╌╌╌╌╌╌╌╌┼╌╌╌╌╌╌╌╌╌╌╌╌╌╌╌╌╌╌╌╌╌┼╌╌╌╌╌╌╌╌╌╌╌┤
│ ▲ ┆  24.0 ┆  4 ┆ █████████░  85.0% ┆ helper_function_number_02 ┆ …/module_02.rs:12   ┆           │
├╌╌╌┼╌╌╌╌╌╌╌┼╌╌╌╌┼╌╌╌╌╌╌╌╌╌╌╌╌╌╌╌╌╌╌╌┼╌╌╌╌╌╌╌╌╌╌╌╌╌╌╌╌╌╌╌╌╌╌╌╌╌╌╌┼╌╌╌╌╌╌╌╌╌╌╌╌╌╌╌╌╌╌╌╌╌┼╌╌╌╌╌╌╌╌╌╌╌┤
│ ▲ ┆  22.0 ┆  4 ┆ ████████░░  77.5% ┆ helper_function_number_03 ┆ …/module_03.rs:13   ┆           │
├╌╌╌┼╌╌╌╌╌╌╌┼╌╌╌╌┼╌╌╌╌╌╌╌╌╌╌╌╌╌╌╌╌╌╌╌┼╌╌╌╌╌╌╌╌╌╌╌╌╌╌╌╌╌╌╌╌╌╌╌╌╌╌╌┼╌╌╌╌╌╌╌╌╌╌╌╌╌╌╌╌╌╌╌╌╌┼╌╌╌╌╌╌╌╌╌╌╌┤
│ ▲ ┆  20.0 ┆  4 ┆ ███████░░░  70.0% ┆ helper_function_number_04 ┆ …/module_04.rs:14   ┆           │
├╌╌╌┼╌╌╌╌╌╌╌┼╌╌╌╌┼╌╌╌╌╌╌╌╌╌╌╌╌╌╌╌╌╌╌╌┼╌╌╌╌╌╌╌╌╌╌╌╌╌╌╌╌╌╌╌╌╌╌╌╌╌╌╌┼╌╌╌╌╌╌╌╌╌╌╌╌╌╌╌╌╌╌╌╌╌┼╌╌╌╌╌╌╌╌╌╌╌┤
│ ▲ ┆  18.0 ┆  4 ┆ ██████░░░░  62.5% ┆ helper_function_number_05 ┆ …/module_05.rs:15   ┆           │
├╌╌╌┼╌╌╌╌╌╌╌┼╌╌╌╌┼╌╌╌╌╌╌╌╌╌╌╌╌╌╌╌╌╌╌╌┼╌╌╌╌╌╌╌╌╌╌╌╌╌╌╌╌╌╌╌╌╌╌╌╌╌╌╌┼╌╌╌╌╌╌╌╌╌╌╌╌╌╌╌╌╌╌╌╌╌┼╌╌╌╌╌╌╌╌╌╌╌┤
│ ▲ ┆  16.0 ┆  4 ┆ ██████░░░░  55.0% ┆ helper_function_number_06 ┆ …/module_06.rs:16   ┆           │
├╌╌╌┼╌╌╌╌╌╌╌┼╌╌╌╌┼╌╌╌╌╌╌╌╌╌╌╌╌╌╌╌╌╌╌╌┼╌╌╌╌╌╌╌╌╌╌╌╌╌╌╌╌╌╌╌╌╌╌╌╌╌╌╌┼╌╌╌╌╌╌╌╌╌╌╌╌╌╌╌╌╌╌╌╌╌┼╌╌╌╌╌╌╌╌╌╌╌┤
│ ▲ ┆  14.0 ┆  3 ┆ █████░░░░░  47.5% ┆ helper_function_number_07 ┆ …/module_07.rs:17   ┆           │
├╌╌╌┼╌╌╌╌╌╌╌┼╌╌╌╌┼╌╌╌╌╌╌╌╌╌╌╌╌╌╌╌╌╌╌╌┼╌╌╌╌╌╌╌╌╌╌╌╌╌╌╌╌╌╌╌╌╌╌╌╌╌╌╌┼╌╌╌╌╌╌╌╌╌╌╌╌╌╌╌╌╌╌╌╌╌┼╌╌╌╌╌╌╌╌╌╌╌┤
│ ▲ ┆  12.0 ┆  3 ┆ ████░░░░░░  40.0% ┆ helper_function_number_08 ┆ …/module_08.rs:18   ┆           │
├╌╌╌┼╌╌╌╌╌╌╌┼╌╌╌╌┼╌╌╌╌╌╌╌╌╌╌╌╌╌╌╌╌╌╌╌┼╌╌╌╌╌╌╌╌╌╌╌╌╌╌╌╌╌╌╌╌╌╌╌╌╌╌╌┼╌╌╌╌╌╌╌╌╌╌╌╌╌╌╌╌╌╌╌╌╌┼╌╌╌╌╌╌╌╌╌╌╌┤
│ ✓ ┆  10.0 ┆  3 ┆ ███░░░░░░░  32.5% ┆ helper_function_number_09 ┆ …/module_09.rs:19   ┆           │
└───┴───────┴────┴───────────────────┴───────────────────────────┴─────────────────────┴───────────┘
· 2 more below threshold — use --top, --min 0, or --format markdown to see them.
✗ 2/14 function(s) exceed CRAP threshold 30.
